// Jest Snapshot v1, https://goo.gl/fbAQLP

exports[`article snapshot 1`] = `
<div
  className="w-full sm:w-1/2 md:w-1/3"
>
  <h1
    className="font-sans font-thin mb-4"
  />
  <p
    className="text-grey mb-3"
  />
  <h2
    className="font-sans font-thin leading-normal mb-4"
  />
  <p
    className="text-grey-darkest mb-6 leading-tight"
  />
  <div>
    <a
      className="text-black mr-2"
      href="#"
    >
      READ MORE
    </a>
  </div>
</div>
`;
