// Jest Snapshot v1, https://goo.gl/fbAQLP

exports[`progress bar snapshot 1`] = `
<div
  className="w-full"
>
  <div
    className="shadow w-full bg-grey-light rounded"
  >
    <div
      className="bg-teal rounded text-xs leading-none py-1 text-center text-white"
      style={
        Object {
          "width": undefined,
        }
      }
    />
  </div>
</div>
`;
