// Jest Snapshot v1, https://goo.gl/fbAQLP

exports[`dropdown snapshot 1`] = `
<div
  className="relative inline-block cursor-pointer"
  onBlur={[Function]}
  onClick={[Function]}
>
  <button
    className="bg-blue p-3 rounded text-white shadow-inner flex items-center justify-between"
  >
    <span
      className="pr-2"
    >
      Show options
    </span>
    <svg
      className="h-4"
      enableBackground="new 0 0 129 129"
      version="1.1"
      viewBox="0 0 129 129"
      xmlns="http://www.w3.org/2000/svg"
    >
      <g>
        <path
          d="m121.3,34.6c-1.6-1.6-4.2-1.6-5.8,0l-51,51.1-51.1-51.1c-1.6-1.6-4.2-1.6-5.8,0-1.6,1.6-1.6,4.2 0,5.8l53.9,53.9c0.8,0.8 1.8,1.2 2.9,1.2 1,0 2.1-0.4 2.9-1.2l53.9-53.9c1.7-1.6 1.7-4.2 0.1-5.8z"
          fill="white"
        />
      </g>
    </svg>
  </button>
</div>
`;
