// Jest Snapshot v1, https://goo.gl/fbAQLP

exports[`flex snapshot 1`] = `
<div
  className="h-undefined sm:h-undefined md:h-undefined lg:h-undefined xl:h-undefined w-undefined sm:w-undefined md:w-undefined lg:w-undefined xl:w-undefined flex flex-col flex-wrap justify-start items-start p-0 m-0"
>
  A flex box
</div>
`;
