// Jest Snapshot v1, https://goo.gl/fbAQLP

exports[`mega footer snapshot 1`] = `
<div>
  <section
    className="bg-blue py-8 w-full"
  >
    <div
      className="container mx-auto px-8"
    >
      <div
        className="table w-full"
      >
        <div
          className="block sm:table-cell"
        >
          <p
            className="uppercase text-white font-bold text-md sm:mb-6"
          >
            Links
          </p>
          <ul
            className="list-reset text-xs mb-6"
          >
            <li
              className="mt-2 inline-block mr-2 sm:block sm:mr-0"
            >
              <a
                className="text-white hover:text-grey-light"
                href="#!"
              >
                FAQ
              </a>
            </li>
            <li
              className="mt-2 inline-block mr-2 sm:block sm:mr-0"
            >
              <a
                className="text-white hover:text-grey-light"
                href="#!"
              >
                About
              </a>
            </li>
            <li
              className="mt-2 inline-block mr-2 sm:block sm:mr-0"
            >
              <a
                className="text-white hover:text-grey-light"
                href="#!"
              >
                Support
              </a>
            </li>
          </ul>
        </div>
      </div>
    </div>
  </section>
  <div
    className="bg-blue-dark text-xs text-center py-2 text-white"
  >
    Copyright 2017 Tyler Knipfer
  </div>
</div>
`;
