// Jest Snapshot v1, https://goo.gl/fbAQLP

exports[`navbar snapshot 1`] = `
<div
  className="bg-blue text-white h-24 flex flex-col"
>
  <div
    className="mt-4 pl-4 flex flex flex-row align-center w-full"
  >
    <div
      className="text-3xl"
    >
      Tails-UI
    </div>
    <div
      className="ml-auto pr-4"
    />
  </div>
  <div
    className="mt-4 pl-4 overflow-x-scroll"
  >
    <a
      className="text-white p-1 text-lg"
      href="#!"
    >
      Home
    </a>
    <a
      className="text-white p-1 text-lg"
      href="#!"
    >
      Products
    </a>
    <a
      className="text-white p-1 text-lg"
      href="#!"
    >
      Cart
    </a>
    <a
      className="text-white p-1 text-lg"
      href="#!"
    >
      Shop
    </a>
  </div>
</div>
`;
