// Jest Snapshot v1, https://goo.gl/fbAQLP

exports[`select snapshot 1`] = `
<div
  className="relative"
>
  <select
    className="bg-grey-lighter appearance-none border-2 border-grey-lighter hover:border-undefined rounded w-full py-2 px-4 mr-4 text-grey-darker sc-bdVaJa igkfrU"
    name={undefined}
    placeholder={undefined}
    value={undefined}
  >
    <option>
      test
    </option>
  </select>
  <div
    className="pointer-events-none absolute pin-y pin-r flex items-center px-2 text-grey-darker"
  >
    <svg
      className="fill-current h-4 w-4"
      viewBox="0 0 20 20"
      xmlns="http://www.w3.org/2000/svg"
    >
      <path
        d="M9.293 12.95l.707.707L15.657 8l-1.414-1.414L10 10.828 5.757 6.586 4.343 8z"
      />
    </svg>
  </div>
</div>
`;
