// Jest Snapshot v1, https://goo.gl/fbAQLP

exports[`text field snapshot 1`] = `
<div>
  <input
    className="bg-grey-lighter appearance-none border-2 border-grey-lighter hover:border-teal rounded w-full py-2 px-4 text-grey-darker"
    name={undefined}
    placeholder={undefined}
    type={undefined}
    value={undefined}
  />
</div>
`;
